/team · Team Co... ×
/ ▏Type to search
────────────────────
Configuration
 · B...  Cu…
Participant profiles
 · self  Cu…
 · b...  Un…
 · o...  op…
 · z...  Un…
System Agents
 · T...  Le…
 › G...  op…  Clas…
 · R...  Ma…
 · M...  St…  Veri…
Custom roles
 · +...  Ch…
Snapshots
 · S...  Sn…
────────────────────
↑↓  tab  enter  esc
ctrl+n new  ctrl+...
