╭──────────────────────────────────────────────────────────────────────────────────────────────╮
│ /team › Guardian · Choose model                                                            × │
│ / ▏Type to search                                                                            │
│ ──────────────────────────────────────────────────────────────────────────────────────────── │
│    Model                      Effort                 Fast                                    │
│    Default · Use the Main Agent model                                                        │
│  ● openai-codex/gpt-5.6-sol   ■■■  ‹ xhigh ›         Fast off                                │
│ ──────────────────────────────────────────────────────────────────────────────────────────── │
│ ↑↓ model  tab field  ←→ effort  f fast  enter apply  esc back                                │
╰──────────────────────────────────────────────────────────────────────────────────────────────╯
