/team · Team Configuration    ×
/ ▏Type to search
───────────────────────────────
Configuration
 · Bi...  Custom …
Participant profiles
 · self   Current…
 · br...  Unbound
 · orbit  openai-…
 · ze...  Unbound
System Agents
 · To...  Lexical…
 › Gu...  openai-…  Classifie…
 · Re...  Main Ag…
 · Me...  Static …  Verifier …
Custom roles
 · + new  Choose …
Snapshots
 · Sa...  Snapsho…
───────────────────────────────
↑↓  tab  enter  esc
ctrl+n new  ctrl+p sets
