    /bots        Switch between Bots
    /connect     Connect a provider or A
    /disconnect  Disconnect a provider o
    /help        Show commands and short
    /model       Change this Bot's model
    /new         Create a new Bot
    ↑↓/hover select click/enter apply  t



   > /bots
   Ada · gpt-5
