




  ╭──────────────────────────────────────────────────────────────────────────╮
  │ /new · New Bot                                                       [×] │
  │ ──────────────────────────────────────────────────────────────────────── │
  │  Name            ▏                                                       │
  │  Description                                                             │
  │  Model           Host default  ›                                         │
  │ ──────────────────────────────────────────────────────────────────────── │
  │ [esc close]  tab field  enter next                            [Create ↵] │
  ╰──────────────────────────────────────────────────────────────────────────╯








   >
