




  ╭──────────────────────────────────────────────────────────────────────────╮
  │ /new · New Bot                                                         × │
  │ ──────────────────────────────────────────────────────────────────────── │
  │  Name            Ada                                                     │
  │  Description     ▏Optional                                               │
  │  Model           Host default  ›                                         │
  │ ──────────────────────────────────────────────────────────────────────── │
  │ tab field  enter next  esc close                                Create ↵ │
  ╰──────────────────────────────────────────────────────────────────────────╯








   >
