











   ╭──────────────────────────────────────────────────────────────────────────╮
   │ Bot settings                                                             │
   │                                                                          │
   │   openai/gpt-5.3                                                         │
   │ ▎ openai/gpt-5.4                                                         │
   ╰──────────────────────────────────────────────────────────────────────────╯
      type filter  ↑/↓ select  enter confirm  esc cancel



   > █
   Ada · openai/gpt-5.4
