




  ╭──────────────────────────────────────────────────────────────────────────╮
  │ /model · Models                                                        × │
  │ ──────────────────────────────────────────────────────────────────────── │
  │ / ▏Search                                                                │
  │  · Flash                                   none                          │
  │  › ● Sol                                   ‹ high ›            Fast on   │
  │ ──────────────────────────────────────────────────────────────────────── │
  │ ↑↓ select  tab field  ←→ change  esc back                        Apply ↵ │
  ╰──────────────────────────────────────────────────────────────────────────╯








   >
   Ada · openai/sol
