




  ╭──────────────────────────────────────────────────────────────────────────╮
  │ /model · Models                                                      [×] │
  │ ──────────────────────────────────────────────────────────────────────── │
  │ / ▏Search                                                                │
  │  · Flash                                   none                          │
  │  › ● Sol                                   ‹ high ›            Fast on   │
  │ ──────────────────────────────────────────────────────────────────────── │
  │ [esc close]  ↑↓ select  tab field  ←→ change                   [Apply ↵] │
  ╰──────────────────────────────────────────────────────────────────────────╯








   >
   Ada · openai/sol
