






  ╭──────────────────────────────────────────────────────────────────────────╮
  │ Bots                                                                   × │
  │                                                                          │
  │ > Ada                            xiaomi@token-plan-cn/mimo-v2.5  current │
  │   Team Planning Bot Alpha                 xiaomi@token-plan-cn/mimo-v2.5 │
  │   处理长名称的机器人                      xiaomi@token-plan-cn/mimo-v2.5 │
  │                                                                          │
  │ ↑↓ Select  Enter Open  Esc Close                                         │
  ╰──────────────────────────────────────────────────────────────────────────╯






   >
   Ada · xiaomi@token-plan-cn/mimo-v2.5
