                                                                               ▏
  · Line A of the long Bot answer that must be scrolled. Line B of the long Bot▎
    answer that must be scrolled. Line C of the long Bot answer that must be   ▎
    scrolled. Line D of the long Bot answer that must be scrolled. Line E of   ▎
    the long Bot answer that must be scrolled. Line F of the long Bot answer   ▎
    that must be scrolled. Line G of the long Bot answer that must be scrolled.▎
    Line H of the long Bot answer that must be scrolled. Line I of the long Bot▎
    answer that must be scrolled. Line J of the long Bot answer that must be   ▎
    scrolled. Line K of the long Bot answer that must be scrolled. Line L of   ▎
    the long Bot answer that must be scrolled. Line M of the long Bot answer   ▎
    that must be scrolled. Line N of the long Bot answer that must be scrolled.▎
    Line O of the long Bot answer that must be scrolled. Line P of the long Bot▎
    answer that must be scrolled. Line Q of the long Bot answer that must be   ▎
    scrolled. Line R of the long Bot answer that must be scrolled. Line S of   ▎
    the long Bot answer that must be scrolled. Line T of the long Bot answer   ▎
    that must be scrolled. Line U of the long Bot answer that must be scrolled.▎
    Line V of the long Bot answer that must be scrolled. Line W of the long Bot▎
    answer that must be scrolled. Line X of the long Bot answer that must be   ▎
    scrolled.                                                                  ▎



   >
   Ada · gpt-5
