




  ╭──────────────────────────────────────────────────────────────────────────╮
  │ /settings · Ada                                                      [×] │
  │ ──────────────────────────────────────────────────────────────────────── │
  │  Name            Ada▏                                                    │
  │  Description     kind and brief                                          │
  │  Model           gpt-5  ›                                                │
  │ ──────────────────────────────────────────────────────────────────────── │
  │ [esc close]  tab field  enter next                              [Save ↵] │
  ╰──────────────────────────────────────────────────────────────────────────╯








   >
   Ada · gpt-5
