




  ╭──────────────────────────────────────────────────────────────────────────╮
  │ /settings · Ada                                                        × │
  │ ──────────────────────────────────────────────────────────────────────── │
  │  Name            Ada▏                                                    │
  │  Description     kind and brief                                          │
  │  Model           gpt-5  ›                                                │
  │ ──────────────────────────────────────────────────────────────────────── │
  │ tab field  enter next  esc close                                  Save ↵ │
  ╰──────────────────────────────────────────────────────────────────────────╯








   >
   Ada · gpt-5
