


  ╭──────────────────────────────────────────────────────────────────────────╮
  │ /settings · Ada                                                        × │
  │ ──────────────────────────────────────────────────────────────────────── │
  │  Name            Ada                                                     │
  │  Description     kind and brief                                          │
  │  Model           gpt-5  ›                                                │
  │  Notebook        Enable · new context                                    │
  │ Private notes for this Bot.                                              │
  │ Keeps your history; starts a new model context.                          │
  │ ──────────────────────────────────────────────────────────────────────── │
  │ enter toggle · keeps history                                      Save ↵ │
  ╰──────────────────────────────────────────────────────────────────────────╯







   >
   Ada · gpt-5
