












   ╭──────────────────────────────────────────────────────────────────────────╮
   │                                                                          │
   │  /team (subagent)  Configure Host Agent bindings                         │
   │                                                                          │
   ╰──────────────────────────────────────────────────────────────────────────╯
      ↑↓/hover select click/enter apply  tab fill



   > /sub
   Ada · gpt-5
